find_birth_date: trying pattern 'Born in (\d{4})'
find_birth_date: trying pattern 'born\s+in\s+(\d{4})'
find_birth_date: trying pattern 'born\s+on\s+([A-Za-z]+\s+\d{1,2}(?:st|nd|rd|th)?[,]?\s*\d{4})'
find_birth_date: trying pattern 'born\s+on\s+(\d{1,2}\s+[A-Za-z]+[,]?\s*\d{4})'
find_birth_date: matched '15 Jan 2020'
parse_date: trying to parse '15 Jan 2020'
parse_date: matched format '%d %b %Y'
find_birth_date: trying pattern 'Born in (\d{4})'
find_birth_date: trying pattern 'born\s+in\s+(\d{4})'
find_birth_date: trying pattern 'born\s+on\s+([A-Za-z]+\s+\d{1,2}(?:st|nd|rd|th)?[,]?\s*\d{4})'
find_birth_date: trying pattern 'born\s+on\s+(\d{1,2}\s+[A-Za-z]+[,]?\s*\d{4})'
find_birth_date: trying pattern 'born\s+([A-Za-z]+\s+\d{1,2}(?:st|nd|rd|th)?[,]?\s*\d{4})'
find_birth_date: matched 'January 15 2020'
parse_date: trying to parse 'January 15 2020'
parse_date: matched format '%B %d %Y'
find_birth_date: trying pattern 'Born in (\d{4})'
find_birth_date: trying pattern 'born\s+in\s+(\d{4})'
find_birth_date: trying pattern 'born\s+on\s+([A-Za-z]+\s+\d{1,2}(?:st|nd|rd|th)?[,]?\s*\d{4})'
find_birth_date: trying pattern 'born\s+on\s+(\d{1,2}\s+[A-Za-z]+[,]?\s*\d{4})'
find_birth_date: trying pattern 'born\s+([A-Za-z]+\s+\d{1,2}(?:st|nd|rd|th)?[,]?\s*\d{4})'
find_birth_date: trying pattern 'born\s+(\d{1,2}\s+[A-Za-z]+[,]?\s*\d{4})'
find_birth_date: trying pattern 'birth\s+date:\s*([A-Za-z]+\s+\d{1,2}(?:st|nd|rd|th)?[,]?\s*\d{4})'
find_birth_date: trying pattern 'birth\s+date:\s*(\d{1,2}\s+[A-Za-z]+[,]?\s*\d{4})'
find_birth_date: matched '15 Jan 2020'
parse_date: trying to parse '15 Jan 2020'
parse_date: matched format '%d %b %Y'
find_birth_date: trying pattern 'Born in (\d{4})'
find_birth_date: trying pattern 'born\s+in\s+(\d{4})'
find_birth_date: trying pattern 'born\s+on\s+([A-Za-z]+\s+\d{1,2}(?:st|nd|rd|th)?[,]?\s*\d{4})'
find_birth_date: trying pattern 'born\s+on\s+(\d{1,2}\s+[A-Za-z]+[,]?\s*\d{4})'
find_birth_date: trying pattern 'born\s+([A-Za-z]+\s+\d{1,2}(?:st|nd|rd|th)?[,]?\s*\d{4})'
find_birth_date: trying pattern 'born\s+(\d{1,2}\s+[A-Za-z]+[,]?\s*\d{4})'
find_birth_date: trying pattern 'birth\s+date:\s*([A-Za-z]+\s+\d{1,2}(?:st|nd|rd|th)?[,]?\s*\d{4})'
find_birth_date: trying pattern 'birth\s+date:\s*(\d{1,2}\s+[A-Za-z]+[,]?\s*\d{4})'
find_birth_date: trying pattern '([A-Za-z]+\s+\d{1,2}(?:st|nd|rd|th)?[,]?\s*\d{4})\s*-\s*Birth'
find_birth_date: trying pattern '(\d{1,2}\s+[A-Za-z]+[,]?\s*\d{4})\s*-\s*Birth'
find_birth_date: matched '15 Jan 2020'
parse_date: trying to parse '15 Jan 2020'
parse_date: matched format '%d %b %Y'
find_birth_date: trying pattern 'Born in (\d{4})'
find_birth_date: trying pattern 'born\s+in\s+(\d{4})'
find_birth_date: trying pattern 'born\s+on\s+([A-Za-z]+\s+\d{1,2}(?:st|nd|rd|th)?[,]?\s*\d{4})'
find_birth_date: trying pattern 'born\s+on\s+(\d{1,2}\s+[A-Za-z]+[,]?\s*\d{4})'
find_birth_date: trying pattern 'born\s+([A-Za-z]+\s+\d{1,2}(?:st|nd|rd|th)?[,]?\s*\d{4})'
find_birth_date: trying pattern 'born\s+(\d{1,2}\s+[A-Za-z]+[,]?\s*\d{4})'
find_birth_date: trying pattern 'birth\s+date:\s*([A-Za-z]+\s+\d{1,2}(?:st|nd|rd|th)?[,]?\s*\d{4})'
find_birth_date: trying pattern 'birth\s+date:\s*(\d{1,2}\s+[A-Za-z]+[,]?\s*\d{4})'
find_birth_date: trying pattern '([A-Za-z]+\s+\d{1,2}(?:st|nd|rd|th)?[,]?\s*\d{4})\s*-\s*Birth'
find_birth_date: trying pattern '(\d{1,2}\s+[A-Za-z]+[,]?\s*\d{4})\s*-\s*Birth'
find_birth_date: trying pattern '([A-Za-z]+\s+\d{1,2}(?:st|nd|rd|th)?[,]?\s*\d{4})\s*-\s*Born'
find_birth_date: trying pattern '(\d{1,2}\s+[A-Za-z]+[,]?\s*\d{4})\s*-\s*Born'
find_birth_date: trying pattern '([A-Za-z]+\s+\d{1,2}(?:st|nd|rd|th)?[,]?\s*\d{4})\s*-\s*Birth Date'
find_birth_date: trying pattern '(\d{1,2}\s+[A-Za-z]+[,]?\s*\d{4})\s*-\s*Birth Date'
find_birth_date: no pattern matched
find_death_date: trying pattern 'died on\s+([A-Za-z]+\s+\d{1,2}(?:st|nd|rd|th)?[,]?\s*\d{4})\s+at\s+the\s+age\s+of\s+(\d+)\s+years'
find_death_date: trying pattern 'died on\s+(\d{1,2}\s+[A-Za-z]+[,]?\s*\d{4})'
find_death_date: matched '15 Jan 2020'
parse_date: trying to parse '15 Jan 2020'
parse_date: matched format '%d %b %Y'
find_death_date: trying pattern 'died on\s+([A-Za-z]+\s+\d{1,2}(?:st|nd|rd|th)?[,]?\s*\d{4})\s+at\s+the\s+age\s+of\s+(\d+)\s+years'
find_death_date: trying pattern 'died on\s+(\d{1,2}\s+[A-Za-z]+[,]?\s*\d{4})'
find_death_date: trying pattern 'passed away on\s+([A-Za-z]+\s+\d{1,2}(?:st|nd|rd|th)?[,]?\s*\d{4})\s+at\s+the\s+age\s+of\s+(\d+)\s+years'
find_death_date: trying pattern 'passed away on\s+(\d{1,2}\s+[A-Za-z]+[,]?\s*\d{4})'
find_death_date: trying pattern 'passed away.*on\s+([A-Za-z]+\s+\d{1,2}(?:st|nd|rd|th)?[,]?\s*\d{4})'
find_death_date: matched 'January 15 2020'
parse_date: trying to parse 'January 15 2020'
parse_date: matched format '%B %d %Y'
find_death_date: trying pattern 'died on\s+([A-Za-z]+\s+\d{1,2}(?:st|nd|rd|th)?[,]?\s*\d{4})\s+at\s+the\s+age\s+of\s+(\d+)\s+years'
find_death_date: trying pattern 'died on\s+(\d{1,2}\s+[A-Za-z]+[,]?\s*\d{4})'
find_death_date: trying pattern 'passed away on\s+([A-Za-z]+\s+\d{1,2}(?:st|nd|rd|th)?[,]?\s*\d{4})\s+at\s+the\s+age\s+of\s+(\d+)\s+years'
find_death_date: trying pattern 'passed away on\s+(\d{1,2}\s+[A-Za-z]+[,]?\s*\d{4})'
find_death_date: trying pattern 'passed away.*on\s+([A-Za-z]+\s+\d{1,2}(?:st|nd|rd|th)?[,]?\s*\d{4})'
find_death_date: trying pattern 'passed away.*on\s+(\d{1,2}\s+[A-Za-z]+[,]?\s*\d{4})'
find_death_date: trying pattern 'passed away on\s+([A-Za-z]+\s+\d{1,2}(?:st|nd|rd|th)?[,]?\s*\d{4})'
find_death_date: trying pattern 'passed away on\s+(\d{1,2}\s+[A-Za-z]+[,]?\s*\d{4})'
find_death_date: trying pattern 'died on\s+([A-Za-z]+\s+\d{1,2}(?:st|nd|rd|th)?[,]?\s*\d{4})'
find_death_date: trying pattern 'died on\s+(\d{1,2}\s+[A-Za-z]+[,]?\s*\d{4})'
find_death_date: trying pattern 'passed on\s+([A-Za-z]+\s+\d{1,2}(?:st|nd|rd|th)?[,]?\s*\d{4})'
find_death_date: trying pattern 'passed on\s+(\d{1,2}\s+[A-Za-z]+[,]?\s*\d{4})'
find_death_date: matched '15 Jan 2020'
parse_date: trying to parse '15 Jan 2020'
parse_date: matched format '%d %b %Y'
find_death_date: trying pattern 'died on\s+([A-Za-z]+\s+\d{1,2}(?:st|nd|rd|th)?[,]?\s*\d{4})\s+at\s+the\s+age\s+of\s+(\d+)\s+years'
find_death_date: trying pattern 'died on\s+(\d{1,2}\s+[A-Za-z]+[,]?\s*\d{4})'
find_death_date: trying pattern 'passed away on\s+([A-Za-z]+\s+\d{1,2}(?:st|nd|rd|th)?[,]?\s*\d{4})\s+at\s+the\s+age\s+of\s+(\d+)\s+years'
find_death_date: trying pattern 'passed away on\s+(\d{1,2}\s+[A-Za-z]+[,]?\s*\d{4})'
find_death_date: trying pattern 'passed away.*on\s+([A-Za-z]+\s+\d{1,2}(?:st|nd|rd|th)?[,]?\s*\d{4})'
find_death_date: trying pattern 'passed away.*on\s+(\d{1,2}\s+[A-Za-z]+[,]?\s*\d{4})'
find_death_date: trying pattern 'passed away on\s+([A-Za-z]+\s+\d{1,2}(?:st|nd|rd|th)?[,]?\s*\d{4})'
find_death_date: trying pattern 'passed away on\s+(\d{1,2}\s+[A-Za-z]+[,]?\s*\d{4})'
find_death_date: trying pattern 'died on\s+([A-Za-z]+\s+\d{1,2}(?:st|nd|rd|th)?[,]?\s*\d{4})'
find_death_date: trying pattern 'died on\s+(\d{1,2}\s+[A-Za-z]+[,]?\s*\d{4})'
find_death_date: trying pattern 'passed on\s+([A-Za-z]+\s+\d{1,2}(?:st|nd|rd|th)?[,]?\s*\d{4})'
find_death_date: trying pattern 'passed on\s+(\d{1,2}\s+[A-Za-z]+[,]?\s*\d{4})'
find_death_date: trying pattern 'death on\s+([A-Za-z]+\s+\d{1,2}(?:st|nd|rd|th)?[,]?\s*\d{4})'
find_death_date: trying pattern 'death on\s+(\d{1,2}\s+[A-Za-z]+[,]?\s*\d{4})'
find_death_date: matched '15 Jan 2020'
parse_date: trying to parse '15 Jan 2020'
parse_date: matched format '%d %b %Y'
find_death_date: trying pattern 'died on\s+([A-Za-z]+\s+\d{1,2}(?:st|nd|rd|th)?[,]?\s*\d{4})\s+at\s+the\s+age\s+of\s+(\d+)\s+years'
find_death_date: trying pattern 'died on\s+(\d{1,2}\s+[A-Za-z]+[,]?\s*\d{4})'
find_death_date: trying pattern 'passed away on\s+([A-Za-z]+\s+\d{1,2}(?:st|nd|rd|th)?[,]?\s*\d{4})\s+at\s+the\s+age\s+of\s+(\d+)\s+years'
find_death_date: trying pattern 'passed away on\s+(\d{1,2}\s+[A-Za-z]+[,]?\s*\d{4})'
find_death_date: trying pattern 'passed away.*on\s+([A-Za-z]+\s+\d{1,2}(?:st|nd|rd|th)?[,]?\s*\d{4})'
find_death_date: trying pattern 'passed away.*on\s+(\d{1,2}\s+[A-Za-z]+[,]?\s*\d{4})'
find_death_date: trying pattern 'passed away on\s+([A-Za-z]+\s+\d{1,2}(?:st|nd|rd|th)?[,]?\s*\d{4})'
find_death_date: trying pattern 'passed away on\s+(\d{1,2}\s+[A-Za-z]+[,]?\s*\d{4})'
find_death_date: trying pattern 'died on\s+([A-Za-z]+\s+\d{1,2}(?:st|nd|rd|th)?[,]?\s*\d{4})'
find_death_date: trying pattern 'died on\s+(\d{1,2}\s+[A-Za-z]+[,]?\s*\d{4})'
find_death_date: trying pattern 'passed on\s+([A-Za-z]+\s+\d{1,2}(?:st|nd|rd|th)?[,]?\s*\d{4})'
find_death_date: trying pattern 'passed on\s+(\d{1,2}\s+[A-Za-z]+[,]?\s*\d{4})'
find_death_date: trying pattern 'death on\s+([A-Za-z]+\s+\d{1,2}(?:st|nd|rd|th)?[,]?\s*\d{4})'
find_death_date: trying pattern 'death on\s+(\d{1,2}\s+[A-Za-z]+[,]?\s*\d{4})'
find_death_date: trying pattern '([A-Za-z]+\s+\d{1,2}(?:st|nd|rd|th)?[,]?\s*\d{4})\s+at\s+the\s+age\s+of'
find_death_date: trying pattern '(\d{1,2}\s+[A-Za-z]+[,]?\s*\d{4})\s+at\s+the\s+age\s+of'
find_death_date: trying pattern 'on\s+([A-Za-z]+\s+\d{1,2},?\s*\d{4})\s+at\s+the\s+age\s+of\s+(\d+)\s+years'
find_death_date: trying pattern 'on\s+(\d{1,2}\s+[A-Za-z]+,?\s*\d{4})\s+at\s+the\s+age\s+of\s+(\d+)\s+years'
find_death_date: trying pattern '([A-Za-z]+\s+\d{1,2}(?:st|nd|rd|th)?[,]?\s*\d{4})\s*-\s*Death'
find_death_date: trying pattern '(\d{1,2}\s+[A-Za-z]+[,]?\s*\d{4})\s*-\s*Death'
find_death_date: matched '15 Jan 2020'
parse_date: trying to parse '15 Jan 2020'
parse_date: matched format '%d %b %Y'
find_death_date: trying pattern 'died on\s+([A-Za-z]+\s+\d{1,2}(?:st|nd|rd|th)?[,]?\s*\d{4})\s+at\s+the\s+age\s+of\s+(\d+)\s+years'
find_death_date: trying pattern 'died on\s+(\d{1,2}\s+[A-Za-z]+[,]?\s*\d{4})'
find_death_date: trying pattern 'passed away on\s+([A-Za-z]+\s+\d{1,2}(?:st|nd|rd|th)?[,]?\s*\d{4})\s+at\s+the\s+age\s+of\s+(\d+)\s+years'
find_death_date: trying pattern 'passed away on\s+(\d{1,2}\s+[A-Za-z]+[,]?\s*\d{4})'
find_death_date: trying pattern 'passed away.*on\s+([A-Za-z]+\s+\d{1,2}(?:st|nd|rd|th)?[,]?\s*\d{4})'
find_death_date: trying pattern 'passed away.*on\s+(\d{1,2}\s+[A-Za-z]+[,]?\s*\d{4})'
find_death_date: trying pattern 'passed away on\s+([A-Za-z]+\s+\d{1,2}(?:st|nd|rd|th)?[,]?\s*\d{4})'
find_death_date: trying pattern 'passed away on\s+(\d{1,2}\s+[A-Za-z]+[,]?\s*\d{4})'
find_death_date: trying pattern 'died on\s+([A-Za-z]+\s+\d{1,2}(?:st|nd|rd|th)?[,]?\s*\d{4})'
find_death_date: trying pattern 'died on\s+(\d{1,2}\s+[A-Za-z]+[,]?\s*\d{4})'
find_death_date: trying pattern 'passed on\s+([A-Za-z]+\s+\d{1,2}(?:st|nd|rd|th)?[,]?\s*\d{4})'
find_death_date: trying pattern 'passed on\s+(\d{1,2}\s+[A-Za-z]+[,]?\s*\d{4})'
find_death_date: trying pattern 'death on\s+([A-Za-z]+\s+\d{1,2}(?:st|nd|rd|th)?[,]?\s*\d{4})'
find_death_date: trying pattern 'death on\s+(\d{1,2}\s+[A-Za-z]+[,]?\s*\d{4})'
find_death_date: trying pattern '([A-Za-z]+\s+\d{1,2}(?:st|nd|rd|th)?[,]?\s*\d{4})\s+at\s+the\s+age\s+of'
find_death_date: trying pattern '(\d{1,2}\s+[A-Za-z]+[,]?\s*\d{4})\s+at\s+the\s+age\s+of'
find_death_date: trying pattern 'on\s+([A-Za-z]+\s+\d{1,2},?\s*\d{4})\s+at\s+the\s+age\s+of\s+(\d+)\s+years'
find_death_date: trying pattern 'on\s+(\d{1,2}\s+[A-Za-z]+,?\s*\d{4})\s+at\s+the\s+age\s+of\s+(\d+)\s+years'
find_death_date: trying pattern '([A-Za-z]+\s+\d{1,2}(?:st|nd|rd|th)?[,]?\s*\d{4})\s*-\s*Death'
find_death_date: trying pattern '(\d{1,2}\s+[A-Za-z]+[,]?\s*\d{4})\s*-\s*Death'
find_death_date: trying pattern '([A-Za-z]+\s+\d{1,2}(?:st|nd|rd|th)?[,]?\s*\d{4})\s*-\s*Died'
find_death_date: trying pattern '(\d{1,2}\s+[A-Za-z]+[,]?\s*\d{4})\s*-\s*Died'
find_death_date: trying pattern '([A-Za-z]+\s+\d{1,2}(?:st|nd|rd|th)?[,]?\s*\d{4})\s*-\s*Passed'
find_death_date: trying pattern '(\d{1,2}\s+[A-Za-z]+[,]?\s*\d{4})\s*-\s*Passed'
find_death_date: trying pattern '([A-Za-z]+\s+\d{1,2}(?:st|nd|rd|th)?[,]?\s*\d{4})\s*-\s*Passed Away'
find_death_date: trying pattern '(\d{1,2}\s+[A-Za-z]+[,]?\s*\d{4})\s*-\s*Passed Away'
find_death_date: no pattern matched
parse_date: trying to parse '15 Jan 2020'
parse_date: matched format '%d %b %Y'
parse_date: trying to parse 'January 15 2020'
parse_date: matched format '%B %d %Y'
parse_date: trying to parse '2020-01-15'
parse_date: matched format '%Y-%m-%d'
parse_date: trying to parse '01/15/2020'
parse_date: matched format '%m/%d/%Y'
parse_date: trying to parse '15/01/2020'
parse_date: matched format '%d/%m/%Y'
parse_date: trying to parse '2020'
parse_date: matched format '%Y'
parse_date: trying to parse '15 Jan 2020'
parse_date: matched format '%d %b %Y'
parse_date: trying to parse 'January 15 2020'
parse_date: matched format '%B %d %Y'
parse_date: input is None or empty
parse_date: trying to parse 'invalid'
parse_date: no format matched for 'invalid'
Sibling pattern: (?:his|her)?\s*brother\s+([A-Z][a-z]+(?:\s+[A-Z][a-z]+)*?)(?=\s+(?:and|,|who|that|which|also|$))\s+(?:and|,)\s+(?:sister\s+)?([A-Z][a-z]+(?:\s+[A-Z][a-z]+)*?)(?=\s+(?:who|that|which|also|survive|$|\.|,))
Sibling match groups: ('James Smith', 'Jane Smith')
Sibling names extracted: ['James Smith', 'Jane Smith']
Sibling pattern: (?:his|her)?\s*brother\s+([A-Z][a-z]+(?:\s+[A-Z][a-z]+)*?)(?=\s+(?:and|,|who|that|which|also|survive|$|\.|,))
Sibling match groups: ('James Smith',)
Sibling names extracted: ['James Smith']
Sibling pattern: (?:his|her)?\s*sister\s+([A-Z][a-z]+(?:\s+[A-Z][a-z]+)*?)(?=\s+(?:and|,|who|that|which|also|survive|$|\.|,))
Sibling match groups: ('Jane Smith',)
Sibling names extracted: ['Jane Smith']
find_death_date: trying pattern 'died on\s+([A-Za-z]+\s+\d{1,2}(?:st|nd|rd|th)?[,]?\s*\d{4})\s+at\s+the\s+age\s+of\s+(\d+)\s+years'
find_death_date: trying pattern 'died on\s+(\d{1,2}\s+[A-Za-z]+[,]?\s*\d{4})'
find_death_date: trying pattern 'passed away on\s+([A-Za-z]+\s+\d{1,2}(?:st|nd|rd|th)?[,]?\s*\d{4})\s+at\s+the\s+age\s+of\s+(\d+)\s+years'
find_death_date: trying pattern 'passed away on\s+(\d{1,2}\s+[A-Za-z]+[,]?\s*\d{4})'
find_death_date: trying pattern 'passed away.*on\s+([A-Za-z]+\s+\d{1,2}(?:st|nd|rd|th)?[,]?\s*\d{4})'
find_death_date: matched 'January 15, 2020'
parse_date: trying to parse 'January 15 2020'
parse_date: matched format '%B %d %Y'
find_birth_date: trying pattern 'Born in (\d{4})'
find_birth_date: trying pattern 'born\s+in\s+(\d{4})'
find_birth_date: trying pattern 'born\s+on\s+([A-Za-z]+\s+\d{1,2}(?:st|nd|rd|th)?[,]?\s*\d{4})'
find_birth_date: matched 'January 15, 1945'
parse_date: trying to parse 'January 15 1945'
parse_date: matched format '%B %d %Y'
Sibling pattern: (?:survived by|predeceased by)\s+(?:his|her)\s+(?:brothers|sisters|siblings)\s+([A-Z][a-z]+(?:\s+[A-Z][a-z]+)*)
Sibling match groups: ('James and Robert Smith',)
Sibling names extracted: ['James', 'Robert Smith']
